// Jest Snapshot v1, https://goo.gl/fbAQLP

exports[`Display Countries component it matches snapshot 1`] = `null`;
